ERROR: "/Users/mattolm/Programs/drep/tests/test_backend/ecoli_wd/data/MASH_files/ALL.msh" exists; remove to write.
